// Jest Snapshot v1, https://goo.gl/fbAQLP

exports[`renders correctly 1`] = `
<div>
  <h1>
     The RedBean Atelier App 
  </h1>
  <div
    id="reviews-module"
  >
    <h2>
       Ratings and Reviews 
    </h2>
    <div
      id="ratings-breakdown"
    >
      <h3>
        Ratings Breakdown
      </h3>
      <div>
        Average Rating: 
      </div>
      <div>
        Total Reviews: 
      </div>
      <br />
      <div
        id="rec-percent"
      >
        % of reviewers recommend this product
      </div>
      <br />
      <div />
      <br />
      <div>
        <h3>
          Product Breakdown
        </h3>
        <div
          id="char-div"
        >
          <div />
        </div>
      </div>
    </div>
    <div
      id="reviews-list"
    >
      <h3>
        Reviews List
      </h3>
      <div>
        <label>
          Sort on: 
        </label>
        <select
          id="sort-type"
          onChange={[Function]}
        >
          <option
            value="relevant"
          >
            Relevant
          </option>
          <option
            value="newest"
          >
            Newest
          </option>
          <option
            value="helpful"
          >
            Helpful
          </option>
        </select>
      </div>
      <ul
        id="reviews"
      >
        <div
          id="review"
        >
          <h4>
            Review
          </h4>
          <div>
            Avgerage Rating: 
            0
          </div>
          <div>
            Date Reviewed: 
          </div>
          <div>
            User: 
          </div>
          <h4 />
          <div />
          <div>
            <div />
          </div>
          <div />
          <div />
          <div>
            Helpfulness: 
            0
          </div>
        </div>
      </ul>
    </div>
    <div
      id="main-buttons"
    >
      <button
        onClick={[Function]}
      >
        Add Review
      </button>
      <button
        disabled={true}
        onClick={[Function]}
      >
        More Reviews
      </button>
    </div>
  </div>
  <div>
    <h1>
      Questions & Answers
    </h1>
    <div>
      <form
        onSubmit={[Function]}
      >
        <input
          placeholder="Have a question? Search for answers..."
          type="text"
        />
        <button
          type="submit"
        >
          Search
        </button>
      </form>
    </div>
    <div>
      <div>
        <button>
           More Answered Questions 
        </button>
        <button
          onClick={[Function]}
        >
           Add Question + 
        </button>
      </div>
    </div>
  </div>
</div>
`;
